// Jest Snapshot v1, https://goo.gl/fbAQLP

exports[`<App /> renders correctly 1`] = `
<View
  style={
    {
      "backgroundColor": "white",
      "flex": 1,
      "marginTop": 0,
      "paddingBottom": 16,
      "paddingHorizontal": 16,
    }
  }
>
  <Text>
    Email
  </Text>
  <TextInput
    onChangeText={[Function]}
    style={
      {
        "alignSelf": "center",
        "borderColor": "gray",
        "borderRadius": 5,
        "borderWidth": 1,
        "fontFamily": "Roboto",
        "height": 40,
        "marginVertical": 10,
        "paddingHorizontal": 10,
        "width": "95%",
      }
    }
    value=""
  />
  <Text>
    Password
  </Text>
  <TextInput
    onChangeText={[Function]}
    secureTextEntry={true}
    style={
      {
        "alignSelf": "center",
        "borderColor": "gray",
        "borderRadius": 5,
        "borderWidth": 1,
        "fontFamily": "Roboto",
        "height": 40,
        "marginVertical": 10,
        "paddingHorizontal": 10,
        "width": "95%",
      }
    }
    value=""
  />
  <View
    accessibilityRole="button"
    accessibilityState={
      {
        "busy": undefined,
        "checked": undefined,
        "disabled": undefined,
        "expanded": undefined,
        "selected": undefined,
      }
    }
    accessibilityValue={
      {
        "max": undefined,
        "min": undefined,
        "now": undefined,
        "text": undefined,
      }
    }
    accessible={true}
    collapsable={false}
    focusable={true}
    onClick={[Function]}
    onResponderGrant={[Function]}
    onResponderMove={[Function]}
    onResponderRelease={[Function]}
    onResponderTerminate={[Function]}
    onResponderTerminationRequest={[Function]}
    onStartShouldSetResponder={[Function]}
    style={
      {
        "opacity": 1,
      }
    }
  >
    <View
      style={
        [
          {},
        ]
      }
    >
      <Text
        style={
          [
            {
              "color": "#007AFF",
              "fontSize": 18,
              "margin": 8,
              "textAlign": "center",
            },
          ]
        }
      >
        Log in
      </Text>
    </View>
  </View>
  <View
    accessibilityRole="button"
    accessibilityState={
      {
        "busy": undefined,
        "checked": undefined,
        "disabled": undefined,
        "expanded": undefined,
        "selected": undefined,
      }
    }
    accessibilityValue={
      {
        "max": undefined,
        "min": undefined,
        "now": undefined,
        "text": undefined,
      }
    }
    accessible={true}
    collapsable={false}
    focusable={true}
    onClick={[Function]}
    onResponderGrant={[Function]}
    onResponderMove={[Function]}
    onResponderRelease={[Function]}
    onResponderTerminate={[Function]}
    onResponderTerminationRequest={[Function]}
    onStartShouldSetResponder={[Function]}
    style={
      {
        "opacity": 1,
      }
    }
  >
    <View
      style={
        [
          {},
        ]
      }
    >
      <Text
        style={
          [
            {
              "color": "#007AFF",
              "fontSize": 18,
              "margin": 8,
              "textAlign": "center",
            },
          ]
        }
      >
        Go to sign up page
      </Text>
    </View>
  </View>
</View>
`;
